ARGSGN=$CF
ARGLO=$CE
ARGMO=$CD
ARGMOH=$CC
ARGHO=$CB
ARGEXP=$CA
FACSGN=$C8
FACLO=$C7
FACMO=$C6
FACMOH=$C5
FACHO=$C4
FACEXP=$C3
FACOV=$D1
OLDOV=$3CD
ARISGN=$D0
FAC=$C3
RESLO=$B0
RESMO=$AF
RESMOH=$AE
RESHO=$AD
RESOV=$B1
RESHOP=$D0
FACHOP=$3CD
ITERCNT=$C9
IOCHANNEL=$3DE
BASICSTART=$DF
BASICEND=$3EA
STATUS=$286
VERCHK=$3D6
SECADDR=$290
DEVICENUM=$291
FILELEN=$28E
LOGICADDR=$28F
FILEADDR=$8C
LOADEND=$80 	;Is this correct? Should be memuss, but that is gone in the symbol table albeit it's still in the source code!?
KEYNDX=$A00A
INDEX1=$A9
VALTYPE=$3D9
LOWDS=$BF		; NO idea, if this is correct!?
TIMEADDR=$0000	; NOT needed on X16 anymore
BANKGEOS=$3
R0=$02
R0L=$02
R0H=$03
R1=$04
R1L=$04
R1H=$05
R2=$06
R2L=$06
R2H=$07
R3=$08
R3L=$08
R3H=$09
R4=$0A
R4L=$0A
R4H=$0B
R5=$0C
R5L=$0C
R5H=$0D
R11=$18
R11L=$18
R11H=$19
R14=$1E
R14L=$1E
R14H=$1F
R15=$20
R15L=$20
R15H=$21
X16=1			; Flag for X16 "mode"
DEFAULT_BANK=1 	; RAM-Bank at startup
LOADOK_STATUS=0	; Status for "loading went fine"

; API routines
GRAPH_draw_line=$FF2C
GRAPH_set_colors=$FF29
GRAPH_LL_cursor_position=$FEFF
GRAPH_LL_set_pixel=$FF0B
GRAPH_draw_rect=$FF2F
GRAPH_set_font=$FF3B
GRAPH_put_char=$FF41
mouse_config=$FF68
mouse_get=$FF6B
CLOCK_GET_DATE_TIME=$FF50
CLOCK_SET_DATE_TIME=$FF4D
joystick_scan=$FF53
joystick_get=$FF56
START_MON=$FF44

; Misc addresses
MOUSE_STORE=90
LOFBUF=$FF				; Stringbuffer


