ARGSGN=$CF
ARGLO=$CE
ARGMO=$CD
ARGMOH=$CC
ARGHO=$CB
ARGEXP=$CA
FACSGN=$C8
FACLO=$C7
FACMO=$C6
FACMOH=$C5
FACHO=$C4
FACEXP=$C3
FACOV=$D1
OLDOV=$3CE
ARISGN=$D0
FAC=$C3
RESLO=$B0
RESMO=$AF
RESMOH=$AE
RESHO=$AD
RESOV=$B1
RESHOP=$D0
FACHOP=$3CE
ITERCNT=$C9
IOCHANNEL=$3DF
BASICSTART=$DF
BASICEND=$3EB
STATUS=$286
VERCHK=$3D7
SECADDR=$290
DEVICENUM=$291
FILELEN=$28E
LOGICADDR=$28F
FILEADDR=$8C
LOADEND=$80 ;Is this correct? Should be memuss, but that is gone in the symbol table albeit it's still in the source code!?
KEYNDX=$A00B
INDEX1=$A9
VALTYPE=$3DA
LOWDS=$BF	; NO idea, if this is correct!?
TIMEADDR=$A03E
BANKGEOS=$3
R0=$02
R0L=$02
R0H=$03
R1=$04
R1L=$04
R1H=$05
R2=$06
R2L=$06
R2H=$07
R3=$08
R3L=$08
R3H=$09
R4=$0A
R4L=$0A
R4H=$0B
R5=$0C
R5L=$0C
R5H=$0D
R11=$18
R11L=$18
R11H=$19
R14=$1E
R14L=$1E
R14H=$1F
R15=$20
R15L=$20
R15H=$21
X16=1	; Flag for X16 "mode"

; API routines
GRAPH_draw_line=$FF2C
GRAPH_set_colors=$FF29
GRAPH_LL_cursor_position=$FEFF
GRAPH_LL_set_pixel=$FF0B
GRAPH_draw_rect=$FF2F
GRAPH_set_font=$FF3B
GRAPH_put_char=$FF41
mouse_config=$FF68
mouse_get=$FF6B
MOUSE_STORE=90
joystick_scan=$FF53
joystick_get=$FF56
START_MON=$DF3A			; The documented API-call $FF44 doesn't work, so we jump directly into BASIC instead for now

